-- Type declaration
type EventSource a = (AddHandler a, a -> IO ())

-- Type declaration with infix promoted type constructor
fun1 :: Def ('[ Ref s (Stored Uint32), IBool] 'T.:-> IBool)
fun1 = undefined

fun2 :: Def ('[ Ref s (Stored Uint32), IBool] ':-> IBool)
fun2 = undefined

-- Instance declaration without decls
instance C a

-- Instance declaration with decls
instance C a where
    foobar = do
        x y
        k p

-- GADT declarations
data Ty :: (* -> *) where
    TCon
        :: { field1 :: Int
           , field2 :: Bool}
     -> Ty Bool
    TCon' :: (a :: *) -> a -> Ty a
