-- Explicit imports - capitals first (typeclasses/types), then operators, then identifiers
import qualified MegaModule as M (Either, Maybe(Just, Nothing), MaybeT(..),
                                  Monad((>>), (>>=), return), MonadBaseControl,
                                  (<<<), (>>>), join, liftIO, void)
